// Jest Snapshot v1, https://goo.gl/fbAQLP

exports[`renders List 1`] = `
<div
  className="flex flex-col justify-center items-center w-9/12 md:w-max md:w-1/2"
>
  <span
    className="flex-grow text-center border-2 rounded border-gray-400 m-1 px-1"
  >
    123
  </span>
  <span
    className="flex-grow text-center border-2 rounded border-gray-400 m-1 px-1"
  >
    345
  </span>
</div>
`;
